// Jest Snapshot v1, https://goo.gl/fbAQLP

exports[`should render correctly 1`] = `
<div
  className="container"
>
  <h2
    className="quote"
  >
    Mathematics is not about numbers, equations, computations, or algorithms It is about understanding. - William Paul Thurston
  </h2>
</div>
`;
