// Jest Snapshot v1, https://goo.gl/fbAQLP

exports[` renders calculator correctly 1`] = `
<div
  className="calc-container"
>
  <span
    className="answer"
  >
    0
  </span>
  <div
    className="col"
  >
    <button
      className="btn"
      onClick={[Function]}
      type="button"
    >
      AC
    </button>
    <button
      className="btn"
      onClick={[Function]}
      type="button"
    >
      +/-
    </button>
    <button
      className="btn"
      onClick={[Function]}
      type="button"
    >
      %
    </button>
    <button
      className="btn last-col"
      onClick={[Function]}
      type="button"
    >
      รท
    </button>
  </div>
  <div
    className="col"
  >
    <button
      className="btn"
      onClick={[Function]}
      type="button"
    >
      7
    </button>
    <button
      className="btn"
      onClick={[Function]}
      type="button"
    >
      8
    </button>
    <button
      className="btn"
      onClick={[Function]}
      type="button"
    >
      9
    </button>
    <button
      className="btn last-col"
      onClick={[Function]}
      type="button"
    >
      x
    </button>
  </div>
  <div
    className="col"
  >
    <button
      className="btn"
      onClick={[Function]}
      type="button"
    >
      4
    </button>
    <button
      className="btn"
      onClick={[Function]}
      type="button"
    >
      5
    </button>
    <button
      className="btn"
      onClick={[Function]}
      type="button"
    >
      6
    </button>
    <button
      className="btn last-col"
      onClick={[Function]}
      type="button"
    >
      -
    </button>
  </div>
  <div
    className="col"
  >
    <button
      className="btn"
      onClick={[Function]}
      type="button"
    >
      1
    </button>
    <button
      className="btn"
      onClick={[Function]}
      type="button"
    >
      2
    </button>
    <button
      className="btn"
      onClick={[Function]}
      type="button"
    >
      3
    </button>
    <button
      className="btn last-col"
      onClick={[Function]}
      type="button"
    >
      +
    </button>
  </div>
  <div
    className="col"
  >
    <button
      className="btn zero"
      onClick={[Function]}
      type="button"
    >
      0
    </button>
    <button
      className="btn dot"
      onClick={[Function]}
      type="button"
    >
      .
    </button>
    <button
      className="btn last-col"
      onClick={[Function]}
      type="button"
    >
      =
    </button>
  </div>
</div>
`;

exports[`Calculator renders calculator correctly 1`] = `
<div
  className="calc-container"
>
  <span
    className="answer"
  >
    0
  </span>
  <div
    className="col"
  >
    <button
      className="btn"
      onClick={[Function]}
      type="button"
    >
      AC
    </button>
    <button
      className="btn"
      onClick={[Function]}
      type="button"
    >
      +/-
    </button>
    <button
      className="btn"
      onClick={[Function]}
      type="button"
    >
      %
    </button>
    <button
      className="btn last-col"
      onClick={[Function]}
      type="button"
    >
      รท
    </button>
  </div>
  <div
    className="col"
  >
    <button
      className="btn"
      onClick={[Function]}
      type="button"
    >
      7
    </button>
    <button
      className="btn"
      onClick={[Function]}
      type="button"
    >
      8
    </button>
    <button
      className="btn"
      onClick={[Function]}
      type="button"
    >
      9
    </button>
    <button
      className="btn last-col"
      onClick={[Function]}
      type="button"
    >
      x
    </button>
  </div>
  <div
    className="col"
  >
    <button
      className="btn"
      onClick={[Function]}
      type="button"
    >
      4
    </button>
    <button
      className="btn"
      onClick={[Function]}
      type="button"
    >
      5
    </button>
    <button
      className="btn"
      onClick={[Function]}
      type="button"
    >
      6
    </button>
    <button
      className="btn last-col"
      onClick={[Function]}
      type="button"
    >
      -
    </button>
  </div>
  <div
    className="col"
  >
    <button
      className="btn"
      onClick={[Function]}
      type="button"
    >
      1
    </button>
    <button
      className="btn"
      onClick={[Function]}
      type="button"
    >
      2
    </button>
    <button
      className="btn"
      onClick={[Function]}
      type="button"
    >
      3
    </button>
    <button
      className="btn last-col"
      onClick={[Function]}
      type="button"
    >
      +
    </button>
  </div>
  <div
    className="col"
  >
    <button
      className="btn zero"
      onClick={[Function]}
      type="button"
    >
      0
    </button>
    <button
      className="btn dot"
      onClick={[Function]}
      type="button"
    >
      .
    </button>
    <button
      className="btn last-col"
      onClick={[Function]}
      type="button"
    >
      =
    </button>
  </div>
</div>
`;

exports[`renders calculator correctly 1`] = `
<div
  className="calc-container"
>
  <span
    className="answer"
  >
    0
  </span>
  <div
    className="col"
  >
    <button
      className="btn"
      onClick={[Function]}
      type="button"
    >
      AC
    </button>
    <button
      className="btn"
      onClick={[Function]}
      type="button"
    >
      +/-
    </button>
    <button
      className="btn"
      onClick={[Function]}
      type="button"
    >
      %
    </button>
    <button
      className="btn last-col"
      onClick={[Function]}
      type="button"
    >
      รท
    </button>
  </div>
  <div
    className="col"
  >
    <button
      className="btn"
      onClick={[Function]}
      type="button"
    >
      7
    </button>
    <button
      className="btn"
      onClick={[Function]}
      type="button"
    >
      8
    </button>
    <button
      className="btn"
      onClick={[Function]}
      type="button"
    >
      9
    </button>
    <button
      className="btn last-col"
      onClick={[Function]}
      type="button"
    >
      x
    </button>
  </div>
  <div
    className="col"
  >
    <button
      className="btn"
      onClick={[Function]}
      type="button"
    >
      4
    </button>
    <button
      className="btn"
      onClick={[Function]}
      type="button"
    >
      5
    </button>
    <button
      className="btn"
      onClick={[Function]}
      type="button"
    >
      6
    </button>
    <button
      className="btn last-col"
      onClick={[Function]}
      type="button"
    >
      -
    </button>
  </div>
  <div
    className="col"
  >
    <button
      className="btn"
      onClick={[Function]}
      type="button"
    >
      1
    </button>
    <button
      className="btn"
      onClick={[Function]}
      type="button"
    >
      2
    </button>
    <button
      className="btn"
      onClick={[Function]}
      type="button"
    >
      3
    </button>
    <button
      className="btn last-col"
      onClick={[Function]}
      type="button"
    >
      +
    </button>
  </div>
  <div
    className="col"
  >
    <button
      className="btn zero"
      onClick={[Function]}
      type="button"
    >
      0
    </button>
    <button
      className="btn dot"
      onClick={[Function]}
      type="button"
    >
      .
    </button>
    <button
      className="btn last-col"
      onClick={[Function]}
      type="button"
    >
      =
    </button>
  </div>
</div>
`;
